block in append_cflags: checking for whether -std=gnu99 is accepted as CFLAGS... -------------------- yes

PATH=".;c:/Ruby32-x64/lib;c:\Ruby32-x64\bin;c:\Ruby32-x64\msys64\ucrt64\bin;c:\Ruby32-x64\msys64\usr\bin;C:\Users\rocic\.local\share\gem\ruby\3.2.0\bin;c:\Ruby32-x64\lib\ruby\gems\3.2.0\bin;c:\Ruby32-x64\bin;C:\Program Files\ImageMagick-7.1.2-Q16-HDRI;C:\windows\system32;C:\windows;C:\windows\System32\Wbem;C:\windows\System32\WindowsPowerShell\v1.0\;C:\windows\System32\OpenSSH\;C:\Program Files (x86)\NVIDIA Corporation\PhysX\Common;C:\Program Files\NVIDIA Corporation\NVIDIA NvDLISR;C:\Users\Administrator\AppData\Local\Microsoft\WindowsApps;C:\Program Files\HP\OMEN-Broadcast\Common;C:\WINDOWS\system32;C:\WINDOWS;C:\WINDOWS\System32\Wbem;C:\WINDOWS\System32\WindowsPowerShell\v1.0\;C:\WINDOWS\System32\OpenSSH\;C:\Program Files\Microsoft SQL Server\Client SDK\ODBC\170\Tools\Binn\;C:\Program Files\dotnet\;C:\Program Files (x86)\Windows Kits\10\Windows Performance Toolkit\;C:\Program Files (x86)\Microsoft SQL Server\160\Tools\Binn\;C:\Program Files\Microsoft SQL Server\160\Tools\Binn\;C:\Program Files\Microsoft SQL Server\160\DTS\Binn\;C:\Program Files (x86)\Gpg4win\..\GnuPG\bin;C:\Program Files\Docker\Docker\resources\bin;C:\Program Files\nodejs\;C:\Program Files\Git\cmd;C:\Ruby32-x64\bin;C:\Users\rocic\AppData\Local\Microsoft\WindowsApps;C:\Users\rocic\.dotnet\tools;C:\Users\rocic\AppData\Roaming\npm;C:\Users\rocic\AppData\Local\Programs\Microsoft VS Code\bin" "gcc -o conftest.exe -Ic:/Ruby32-x64/include/ruby-3.2.0/x64-mingw-ucrt -Ic:/Ruby32-x64/include/ruby-3.2.0/ruby/backward -Ic:/Ruby32-x64/include/ruby-3.2.0 -I. -I./../../include  -DFD_SETSIZE=2048 -D_WIN32_WINNT=0x0600 -D__MINGW_USE_VC2005_COMPAT -D_FILE_OFFSET_BITS=64  -O3 -fno-fast-math -fstack-protector-strong conftest.c  -L. -Lc:/Ruby32-x64/lib -L. -pipe -s -fstack-protector-strong -Wl,--no-as-needed  -m64   -lx64-ucrt-ruby320  -lshell32 -lws2_32 -liphlpapi -limagehlp -lshlwapi -lbcrypt  "
checked program was:
/* begin */
1: #include "ruby.h"
2: 
3: #include <winsock2.h>
4: #include <windows.h>
5: int main(int argc, char **argv)
6: {
7:   return !!argv[argc];
8: }
/* end */

PATH=".;c:/Ruby32-x64/lib;c:\Ruby32-x64\bin;c:\Ruby32-x64\msys64\ucrt64\bin;c:\Ruby32-x64\msys64\usr\bin;C:\Users\rocic\.local\share\gem\ruby\3.2.0\bin;c:\Ruby32-x64\lib\ruby\gems\3.2.0\bin;c:\Ruby32-x64\bin;C:\Program Files\ImageMagick-7.1.2-Q16-HDRI;C:\windows\system32;C:\windows;C:\windows\System32\Wbem;C:\windows\System32\WindowsPowerShell\v1.0\;C:\windows\System32\OpenSSH\;C:\Program Files (x86)\NVIDIA Corporation\PhysX\Common;C:\Program Files\NVIDIA Corporation\NVIDIA NvDLISR;C:\Users\Administrator\AppData\Local\Microsoft\WindowsApps;C:\Program Files\HP\OMEN-Broadcast\Common;C:\WINDOWS\system32;C:\WINDOWS;C:\WINDOWS\System32\Wbem;C:\WINDOWS\System32\WindowsPowerShell\v1.0\;C:\WINDOWS\System32\OpenSSH\;C:\Program Files\Microsoft SQL Server\Client SDK\ODBC\170\Tools\Binn\;C:\Program Files\dotnet\;C:\Program Files (x86)\Windows Kits\10\Windows Performance Toolkit\;C:\Program Files (x86)\Microsoft SQL Server\160\Tools\Binn\;C:\Program Files\Microsoft SQL Server\160\Tools\Binn\;C:\Program Files\Microsoft SQL Server\160\DTS\Binn\;C:\Program Files (x86)\Gpg4win\..\GnuPG\bin;C:\Program Files\Docker\Docker\resources\bin;C:\Program Files\nodejs\;C:\Program Files\Git\cmd;C:\Ruby32-x64\bin;C:\Users\rocic\AppData\Local\Microsoft\WindowsApps;C:\Users\rocic\.dotnet\tools;C:\Users\rocic\AppData\Roaming\npm;C:\Users\rocic\AppData\Local\Programs\Microsoft VS Code\bin" "gcc -Ic:/Ruby32-x64/include/ruby-3.2.0/x64-mingw-ucrt -Ic:/Ruby32-x64/include/ruby-3.2.0/ruby/backward -Ic:/Ruby32-x64/include/ruby-3.2.0 -I. -I./../../include  -DFD_SETSIZE=2048 -D_WIN32_WINNT=0x0600 -D__MINGW_USE_VC2005_COMPAT -D_FILE_OFFSET_BITS=64  -O3 -fno-fast-math -fstack-protector-strong -m64 -std=gnu99 -Werror -c conftest.c"
checked program was:
/* begin */
1: #include "ruby.h"
2: 
3: #include <winsock2.h>
4: #include <windows.h>
5: int main(int argc, char **argv)
6: {
7:   return !!argv[argc];
8: }
/* end */

--------------------

block in append_cflags: checking for whether -Wimplicit-fallthrough is accepted as CFLAGS... -------------------- yes

PATH=".;c:/Ruby32-x64/lib;c:\Ruby32-x64\bin;c:\Ruby32-x64\msys64\ucrt64\bin;c:\Ruby32-x64\msys64\usr\bin;C:\Users\rocic\.local\share\gem\ruby\3.2.0\bin;c:\Ruby32-x64\lib\ruby\gems\3.2.0\bin;c:\Ruby32-x64\bin;C:\Program Files\ImageMagick-7.1.2-Q16-HDRI;C:\windows\system32;C:\windows;C:\windows\System32\Wbem;C:\windows\System32\WindowsPowerShell\v1.0\;C:\windows\System32\OpenSSH\;C:\Program Files (x86)\NVIDIA Corporation\PhysX\Common;C:\Program Files\NVIDIA Corporation\NVIDIA NvDLISR;C:\Users\Administrator\AppData\Local\Microsoft\WindowsApps;C:\Program Files\HP\OMEN-Broadcast\Common;C:\WINDOWS\system32;C:\WINDOWS;C:\WINDOWS\System32\Wbem;C:\WINDOWS\System32\WindowsPowerShell\v1.0\;C:\WINDOWS\System32\OpenSSH\;C:\Program Files\Microsoft SQL Server\Client SDK\ODBC\170\Tools\Binn\;C:\Program Files\dotnet\;C:\Program Files (x86)\Windows Kits\10\Windows Performance Toolkit\;C:\Program Files (x86)\Microsoft SQL Server\160\Tools\Binn\;C:\Program Files\Microsoft SQL Server\160\Tools\Binn\;C:\Program Files\Microsoft SQL Server\160\DTS\Binn\;C:\Program Files (x86)\Gpg4win\..\GnuPG\bin;C:\Program Files\Docker\Docker\resources\bin;C:\Program Files\nodejs\;C:\Program Files\Git\cmd;C:\Ruby32-x64\bin;C:\Users\rocic\AppData\Local\Microsoft\WindowsApps;C:\Users\rocic\.dotnet\tools;C:\Users\rocic\AppData\Roaming\npm;C:\Users\rocic\AppData\Local\Programs\Microsoft VS Code\bin" "gcc -Ic:/Ruby32-x64/include/ruby-3.2.0/x64-mingw-ucrt -Ic:/Ruby32-x64/include/ruby-3.2.0/ruby/backward -Ic:/Ruby32-x64/include/ruby-3.2.0 -I. -I./../../include  -DFD_SETSIZE=2048 -D_WIN32_WINNT=0x0600 -D__MINGW_USE_VC2005_COMPAT -D_FILE_OFFSET_BITS=64  -O3 -fno-fast-math -fstack-protector-strong -std=gnu99 -m64 -Wimplicit-fallthrough -Werror -c conftest.c"
checked program was:
/* begin */
1: #include "ruby.h"
2: 
3: #include <winsock2.h>
4: #include <windows.h>
5: int main(int argc, char **argv)
6: {
7:   return !!argv[argc];
8: }
/* end */

--------------------

block in append_cflags: checking for whether -Wunused-result is accepted as CFLAGS... -------------------- yes

PATH=".;c:/Ruby32-x64/lib;c:\Ruby32-x64\bin;c:\Ruby32-x64\msys64\ucrt64\bin;c:\Ruby32-x64\msys64\usr\bin;C:\Users\rocic\.local\share\gem\ruby\3.2.0\bin;c:\Ruby32-x64\lib\ruby\gems\3.2.0\bin;c:\Ruby32-x64\bin;C:\Program Files\ImageMagick-7.1.2-Q16-HDRI;C:\windows\system32;C:\windows;C:\windows\System32\Wbem;C:\windows\System32\WindowsPowerShell\v1.0\;C:\windows\System32\OpenSSH\;C:\Program Files (x86)\NVIDIA Corporation\PhysX\Common;C:\Program Files\NVIDIA Corporation\NVIDIA NvDLISR;C:\Users\Administrator\AppData\Local\Microsoft\WindowsApps;C:\Program Files\HP\OMEN-Broadcast\Common;C:\WINDOWS\system32;C:\WINDOWS;C:\WINDOWS\System32\Wbem;C:\WINDOWS\System32\WindowsPowerShell\v1.0\;C:\WINDOWS\System32\OpenSSH\;C:\Program Files\Microsoft SQL Server\Client SDK\ODBC\170\Tools\Binn\;C:\Program Files\dotnet\;C:\Program Files (x86)\Windows Kits\10\Windows Performance Toolkit\;C:\Program Files (x86)\Microsoft SQL Server\160\Tools\Binn\;C:\Program Files\Microsoft SQL Server\160\Tools\Binn\;C:\Program Files\Microsoft SQL Server\160\DTS\Binn\;C:\Program Files (x86)\Gpg4win\..\GnuPG\bin;C:\Program Files\Docker\Docker\resources\bin;C:\Program Files\nodejs\;C:\Program Files\Git\cmd;C:\Ruby32-x64\bin;C:\Users\rocic\AppData\Local\Microsoft\WindowsApps;C:\Users\rocic\.dotnet\tools;C:\Users\rocic\AppData\Roaming\npm;C:\Users\rocic\AppData\Local\Programs\Microsoft VS Code\bin" "gcc -Ic:/Ruby32-x64/include/ruby-3.2.0/x64-mingw-ucrt -Ic:/Ruby32-x64/include/ruby-3.2.0/ruby/backward -Ic:/Ruby32-x64/include/ruby-3.2.0 -I. -I./../../include  -DFD_SETSIZE=2048 -D_WIN32_WINNT=0x0600 -D__MINGW_USE_VC2005_COMPAT -D_FILE_OFFSET_BITS=64  -O3 -fno-fast-math -fstack-protector-strong -std=gnu99 -Wimplicit-fallthrough -m64 -Wunused-result -Werror -c conftest.c"
checked program was:
/* begin */
1: #include "ruby.h"
2: 
3: #include <winsock2.h>
4: #include <windows.h>
5: int main(int argc, char **argv)
6: {
7:   return !!argv[argc];
8: }
/* end */

--------------------

block in append_cflags: checking for whether -Wc++-compat is accepted as CFLAGS... -------------------- no

PATH=".;c:/Ruby32-x64/lib;c:\Ruby32-x64\bin;c:\Ruby32-x64\msys64\ucrt64\bin;c:\Ruby32-x64\msys64\usr\bin;C:\Users\rocic\.local\share\gem\ruby\3.2.0\bin;c:\Ruby32-x64\lib\ruby\gems\3.2.0\bin;c:\Ruby32-x64\bin;C:\Program Files\ImageMagick-7.1.2-Q16-HDRI;C:\windows\system32;C:\windows;C:\windows\System32\Wbem;C:\windows\System32\WindowsPowerShell\v1.0\;C:\windows\System32\OpenSSH\;C:\Program Files (x86)\NVIDIA Corporation\PhysX\Common;C:\Program Files\NVIDIA Corporation\NVIDIA NvDLISR;C:\Users\Administrator\AppData\Local\Microsoft\WindowsApps;C:\Program Files\HP\OMEN-Broadcast\Common;C:\WINDOWS\system32;C:\WINDOWS;C:\WINDOWS\System32\Wbem;C:\WINDOWS\System32\WindowsPowerShell\v1.0\;C:\WINDOWS\System32\OpenSSH\;C:\Program Files\Microsoft SQL Server\Client SDK\ODBC\170\Tools\Binn\;C:\Program Files\dotnet\;C:\Program Files (x86)\Windows Kits\10\Windows Performance Toolkit\;C:\Program Files (x86)\Microsoft SQL Server\160\Tools\Binn\;C:\Program Files\Microsoft SQL Server\160\Tools\Binn\;C:\Program Files\Microsoft SQL Server\160\DTS\Binn\;C:\Program Files (x86)\Gpg4win\..\GnuPG\bin;C:\Program Files\Docker\Docker\resources\bin;C:\Program Files\nodejs\;C:\Program Files\Git\cmd;C:\Ruby32-x64\bin;C:\Users\rocic\AppData\Local\Microsoft\WindowsApps;C:\Users\rocic\.dotnet\tools;C:\Users\rocic\AppData\Roaming\npm;C:\Users\rocic\AppData\Local\Programs\Microsoft VS Code\bin" "gcc -Ic:/Ruby32-x64/include/ruby-3.2.0/x64-mingw-ucrt -Ic:/Ruby32-x64/include/ruby-3.2.0/ruby/backward -Ic:/Ruby32-x64/include/ruby-3.2.0 -I. -I./../../include  -DFD_SETSIZE=2048 -D_WIN32_WINNT=0x0600 -D__MINGW_USE_VC2005_COMPAT -D_FILE_OFFSET_BITS=64  -O3 -fno-fast-math -fstack-protector-strong -std=gnu99 -Wimplicit-fallthrough -Wunused-result -m64 -Wc++-compat -Werror -c conftest.c"
In file included from c:/Ruby32-x64/include/ruby-3.2.0/ruby/internal/arithmetic/char.h:29,
                 from c:/Ruby32-x64/include/ruby-3.2.0/ruby/internal/arithmetic.h:24,
                 from c:/Ruby32-x64/include/ruby-3.2.0/ruby/ruby.h:28,
                 from c:/Ruby32-x64/include/ruby-3.2.0/ruby.h:38,
                 from conftest.c:1:
c:/Ruby32-x64/include/ruby-3.2.0/ruby/internal/core/rstring.h: In function 'rbimpl_rstring_getmem':
c:/Ruby32-x64/include/ruby-3.2.0/ruby/internal/core/rstring.h:465:24: error: uninitialized const member in 'struct RString' is invalid in C++ [-Werror=c++-compat]
  465 |         struct RString retval;
      |                        ^~~~~~
In file included from c:/Ruby32-x64/include/ruby-3.2.0/ruby/internal/core/rstring.h:28:
c:/Ruby32-x64/include/ruby-3.2.0/ruby/internal/core/rbasic.h:88:17: note: 'klass' should be initialized
   88 |     const VALUE klass;
      |                 ^~~~~
cc1.exe: all warnings being treated as errors
checked program was:
/* begin */
1: #include "ruby.h"
2: 
3: #include <winsock2.h>
4: #include <windows.h>
5: int main(int argc, char **argv)
6: {
7:   return !!argv[argc];
8: }
/* end */

--------------------

block in append_cflags: checking for whether -DNDEBUG is accepted as CFLAGS... -------------------- yes

PATH=".;c:/Ruby32-x64/lib;c:\Ruby32-x64\bin;c:\Ruby32-x64\msys64\ucrt64\bin;c:\Ruby32-x64\msys64\usr\bin;C:\Users\rocic\.local\share\gem\ruby\3.2.0\bin;c:\Ruby32-x64\lib\ruby\gems\3.2.0\bin;c:\Ruby32-x64\bin;C:\Program Files\ImageMagick-7.1.2-Q16-HDRI;C:\windows\system32;C:\windows;C:\windows\System32\Wbem;C:\windows\System32\WindowsPowerShell\v1.0\;C:\windows\System32\OpenSSH\;C:\Program Files (x86)\NVIDIA Corporation\PhysX\Common;C:\Program Files\NVIDIA Corporation\NVIDIA NvDLISR;C:\Users\Administrator\AppData\Local\Microsoft\WindowsApps;C:\Program Files\HP\OMEN-Broadcast\Common;C:\WINDOWS\system32;C:\WINDOWS;C:\WINDOWS\System32\Wbem;C:\WINDOWS\System32\WindowsPowerShell\v1.0\;C:\WINDOWS\System32\OpenSSH\;C:\Program Files\Microsoft SQL Server\Client SDK\ODBC\170\Tools\Binn\;C:\Program Files\dotnet\;C:\Program Files (x86)\Windows Kits\10\Windows Performance Toolkit\;C:\Program Files (x86)\Microsoft SQL Server\160\Tools\Binn\;C:\Program Files\Microsoft SQL Server\160\Tools\Binn\;C:\Program Files\Microsoft SQL Server\160\DTS\Binn\;C:\Program Files (x86)\Gpg4win\..\GnuPG\bin;C:\Program Files\Docker\Docker\resources\bin;C:\Program Files\nodejs\;C:\Program Files\Git\cmd;C:\Ruby32-x64\bin;C:\Users\rocic\AppData\Local\Microsoft\WindowsApps;C:\Users\rocic\.dotnet\tools;C:\Users\rocic\AppData\Roaming\npm;C:\Users\rocic\AppData\Local\Programs\Microsoft VS Code\bin" "gcc -Ic:/Ruby32-x64/include/ruby-3.2.0/x64-mingw-ucrt -Ic:/Ruby32-x64/include/ruby-3.2.0/ruby/backward -Ic:/Ruby32-x64/include/ruby-3.2.0 -I. -I./../../include  -DFD_SETSIZE=2048 -D_WIN32_WINNT=0x0600 -D__MINGW_USE_VC2005_COMPAT -D_FILE_OFFSET_BITS=64  -O3 -fno-fast-math -fstack-protector-strong -std=gnu99 -Wimplicit-fallthrough -Wunused-result -m64 -DNDEBUG -Werror -c conftest.c"
checked program was:
/* begin */
1: #include "ruby.h"
2: 
3: #include <winsock2.h>
4: #include <windows.h>
5: int main(int argc, char **argv)
6: {
7:   return !!argv[argc];
8: }
/* end */

--------------------

